../Core/Src/main.c:76:6:print_message	112	static
../Core/Src/main.c:87:6:bootloader_uart_read_data	24	static
../Core/Src/main.c:139:6:bootloader_jump_to_user_application	24	static,ignoring_inline_asm
../Core/Src/main.c:172:5:main	8	static
../Core/Src/main.c:237:6:SystemClock_Config	160	static
../Core/Src/main.c:282:13:MX_CRC_Init	8	static
../Core/Src/main.c:313:13:MX_USART2_UART_Init	8	static
../Core/Src/main.c:348:13:MX_USART3_UART_Init	8	static
../Core/Src/main.c:383:13:MX_GPIO_Init	40	static
../Core/Src/main.c:424:6:Error_Handler	4	static,ignoring_inline_asm
