../Core/Src/main.c:75:6:print_message	112	static
../Core/Src/main.c:86:6:bootloader_uart_read_data	16	static
../Core/Src/main.c:109:6:bootloader_jump_to_user_application	24	static,ignoring_inline_asm
../Core/Src/main.c:142:5:main	8	static
../Core/Src/main.c:207:6:SystemClock_Config	160	static
../Core/Src/main.c:252:13:MX_CRC_Init	8	static
../Core/Src/main.c:283:13:MX_USART2_UART_Init	8	static
../Core/Src/main.c:318:13:MX_USART3_UART_Init	8	static
../Core/Src/main.c:353:13:MX_GPIO_Init	40	static
../Core/Src/main.c:394:6:Error_Handler	4	static,ignoring_inline_asm
